# create two graphs and find paths between them
# at the same time.

created graph simpleGraph

added node A to simpleGraph
added node B to simpleGraph
added node C to simpleGraph
added node D to simpleGraph

created graph graph

added node A to graph
added node B to graph
added node C to graph
added node D to graph

added edge 10.000 from A to B in simpleGraph
added edge 14.000 from A to C in simpleGraph
added edge 2.000 from C to D in simpleGraph
added edge 1.000 from D to B in simpleGraph

added edge 3.623 from A to B in graph
added edge 3.194 from A to C in graph
added edge 1.121 from C to D in graph
added edge 0.901 from D to B in graph

path from A to B:
A to B with weight 10.000
total cost: 10.000

path from A to B:
A to B with weight 3.623
total cost: 3.623